../Core/Src/../../PeripheralDriver/Src/oled.c:8:6:OLED_Refresh_Gram	16	static
../Core/Src/../../PeripheralDriver/Src/oled.c:20:6:OLED_WR_Byte	24	static
../Core/Src/../../PeripheralDriver/Src/oled.c:43:6:OLED_Clear	16	static
../Core/Src/../../PeripheralDriver/Src/oled.c:53:6:OLED_Display_On	8	static
../Core/Src/../../PeripheralDriver/Src/oled.c:62:6:OLED_Display_Off	8	static
../Core/Src/../../PeripheralDriver/Src/oled.c:72:6:OLED_DrawPoint	24	static
../Core/Src/../../PeripheralDriver/Src/oled.c:85:6:OLED_ShowChar	32	static
../Core/Src/../../PeripheralDriver/Src/oled.c:110:10:oled_pow	24	static
../Core/Src/../../PeripheralDriver/Src/oled.c:120:6:OLED_ShowNumber	40	static
../Core/Src/../../PeripheralDriver/Src/oled.c:142:6:OLED_ShowString	24	static
../Core/Src/../../PeripheralDriver/Src/oled.c:156:6:OLED_Init	8	static
../Core/Src/main.c:230:5:main	8	static
../Core/Src/main.c:333:6:SystemClock_Config	88	static
../Core/Src/main.c:375:13:MX_I2C1_Init	8	static
../Core/Src/main.c:409:13:MX_TIM1_Init	96	static
../Core/Src/main.c:483:13:MX_TIM2_Init	56	static
../Core/Src/main.c:532:13:MX_TIM3_Init	56	static
../Core/Src/main.c:581:13:MX_TIM4_Init	48	static
../Core/Src/main.c:639:13:MX_TIM7_Init	16	static
../Core/Src/main.c:677:13:MX_TIM8_Init	96	static
../Core/Src/main.c:755:13:MX_USART3_UART_Init	8	static
../Core/Src/main.c:788:13:MX_GPIO_Init	56	static
../Core/Src/main.c:826:6:stop	4	static
../Core/Src/main.c:833:6:forward	8	static
../Core/Src/main.c:854:6:forward2	8	static
../Core/Src/main.c:875:6:reverse	8	static
../Core/Src/main.c:894:6:fullLeftForward	16	static
../Core/Src/main.c:905:6:fullRightForward	16	static
../Core/Src/main.c:916:6:fullRightReverse	16	static
../Core/Src/main.c:926:6:fullLeftReverse	16	static
../Core/Src/main.c:938:6:tightRightTurn	8	static
../Core/Src/main.c:970:6:tightRightTurn2	8	static
../Core/Src/main.c:990:6:tightLeftTurn	8	static
../Core/Src/main.c:1022:6:tightLeftTurn2	8	static
../Core/Src/main.c:1042:6:tightreverseLeftTurn	8	static
../Core/Src/main.c:1066:6:tightreverseLeftTurn2	8	static
../Core/Src/main.c:1089:6:tightreverseRightTurn	8	static
../Core/Src/main.c:1110:6:tightreverseRightTurn2	8	static
../Core/Src/main.c:1130:6:gyroforward	8	static
../Core/Src/main.c:1147:6:putTwenty	8	static
../Core/Src/main.c:1160:6:putTen	8	static
../Core/Src/main.c:1175:6:forward_motor_prep	8	static
../Core/Src/main.c:1183:6:backward_motor_prep	8	static
../Core/Src/main.c:1191:6:servomotor_center	16	static
../Core/Src/main.c:1202:6:servomotor_left	16	static
../Core/Src/main.c:1213:6:servomotor_right	16	static
../Core/Src/main.c:1224:6:servomotor_set	16	static
../Core/Src/main.c:1235:6:move	136	static
../Core/Src/main.c:1357:6:right_turn	16	static
../Core/Src/main.c:1383:6:left_turn	16	static
../Core/Src/main.c:1410:6:HAL_UART_RxCpltCallback	16	static
../Core/Src/main.c:1429:6:send_message	32	static
../Core/Src/main.c:1437:6:process_UART_Rx	8	static
../Core/Src/main.c:1445:6:state_controller	40	static
../Core/Src/main.c:1482:6:prep_robot	24	static
../Core/Src/main.c:1545:6:reset_trackers	8	static
../Core/Src/main.c:1555:5:calc_progress	40	static
../Core/Src/main.c:1572:6:gyroInit	8	static
../Core/Src/main.c:1598:6:writeByte	24	static
../Core/Src/main.c:1605:6:readByte	24	static
../Core/Src/main.c:1614:6:delay_us	16	static
../Core/Src/main.c:1621:6:HAL_TIM_IC_CaptureCallback	16	static
../Core/Src/main.c:1660:6:HCSR04_Read	8	static
../Core/Src/main.c:1683:6:StartDefaultTask	144	static
../Core/Src/main.c:2149:6:show	16	static
../Core/Src/main.c:2179:6:Motor	240	static
../Core/Src/main.c:2294:6:encoder_task	72	static
../Core/Src/main.c:2383:6:ultrasound_task	64	static
../Core/Src/main.c:2469:6:gyro_task	64	static
../Core/Src/main.c:2532:6:Error_Handler	4	static,ignoring_inline_asm
