../Core/Src/main.c:2022:6:encoder_task	48	static
../Core/Src/../../PeripheralDriver/Src/oled.c:20:6:OLED_WR_Byte	16	static
../Core/Src/../../PeripheralDriver/Src/oled.c:8:6:OLED_Refresh_Gram	16	static
../Core/Src/../../PeripheralDriver/Src/oled.c:43:6:OLED_Clear	4	static
../Core/Src/../../PeripheralDriver/Src/oled.c:53:6:OLED_Display_On	8	static
../Core/Src/../../PeripheralDriver/Src/oled.c:62:6:OLED_Display_Off	8	static
../Core/Src/../../PeripheralDriver/Src/oled.c:72:6:OLED_DrawPoint	12	static
../Core/Src/../../PeripheralDriver/Src/oled.c:85:6:OLED_ShowChar	48	static
../Core/Src/../../PeripheralDriver/Src/oled.c:110:10:oled_pow	0	static
../Core/Src/../../PeripheralDriver/Src/oled.c:120:6:OLED_ShowNumber	64	static
../Core/Src/../../PeripheralDriver/Src/oled.c:142:6:OLED_ShowString	32	static
../Core/Src/main.c:1878:6:show	8	static
../Core/Src/../../PeripheralDriver/Src/oled.c:156:6:OLED_Init	8	static
../Core/Src/main.c:328:6:SystemClock_Config	88	static,ignoring_inline_asm
../Core/Src/main.c:225:5:main	120	static,ignoring_inline_asm
../Core/Src/main.c:821:6:stop	0	static
../Core/Src/main.c:828:6:forward	16	static
../Core/Src/main.c:849:6:forward2	16	static
../Core/Src/main.c:870:6:reverse	16	static
../Core/Src/main.c:889:6:fullLeftForward	24	static
../Core/Src/main.c:900:6:fullRightForward	24	static
../Core/Src/main.c:911:6:fullRightReverse	24	static
../Core/Src/main.c:921:6:fullLeftReverse	24	static
../Core/Src/main.c:1128:6:forward_motor_prep	8	static
../Core/Src/main.c:1136:6:backward_motor_prep	8	static
../Core/Src/main.c:1144:6:servomotor_center	0	static
../Core/Src/main.c:1907:6:Motor	248	static
../Core/Src/main.c:1155:6:servomotor_left	0	static
../Core/Src/main.c:1166:6:servomotor_right	0	static
../Core/Src/main.c:1177:6:servomotor_set	0	static
../Core/Src/main.c:933:6:tightRightTurn	8	static
../Core/Src/main.c:965:6:tightRightTurn2	16	static
../Core/Src/main.c:985:6:tightLeftTurn	8	static
../Core/Src/main.c:1017:6:tightLeftTurn2	16	static
../Core/Src/main.c:1037:6:tightreverseLeftTurn	16	static
../Core/Src/main.c:1061:6:tightreverseLeftTurn2	16	static
../Core/Src/main.c:1084:6:tightreverseRightTurn	16	static
../Core/Src/main.c:1105:6:tightreverseRightTurn2	16	static
../Core/Src/main.c:1188:6:move	72	static
../Core/Src/main.c:1310:6:right_turn	16	static
../Core/Src/main.c:1633:6:StartDefaultTask	40	static
../Core/Src/main.c:1335:6:left_turn	16	static
../Core/Src/main.c:1361:6:HAL_UART_RxCpltCallback	8	static
../Core/Src/main.c:1380:6:send_message	24	static
../Core/Src/main.c:1396:6:state_controller	24	static
../Core/Src/main.c:1496:6:reset_trackers	48	static
../Core/Src/main.c:1433:6:prep_robot	16	static
../Core/Src/main.c:1388:6:process_UART_Rx	8	static
../Core/Src/main.c:1506:5:calc_progress	24	static
../Core/Src/main.c:1549:6:writeByte	16	static
../Core/Src/main.c:1523:6:gyroInit	8	static
../Core/Src/main.c:1556:6:readByte	24	static
../Core/Src/main.c:2162:6:gyro_task	48	static
../Core/Src/main.c:1565:6:delay_us	0	static
../Core/Src/main.c:1572:6:HAL_TIM_IC_CaptureCallback	16	static
../Core/Src/main.c:1610:6:HCSR04_Read	8	static
../Core/Src/main.c:2111:6:ultrasound_task	32	static
../Core/Src/main.c:2225:6:Error_Handler	0	static,ignoring_inline_asm
